// Jest Snapshot v1, https://goo.gl/fbAQLP

exports[`App Connected React-Redux Component should render with given state from Redux store 1`] = `
<div
  className="container"
>
  <h2
    className="text-center title"
  >
    Real-time Departures
  </h2>
  <div
    className="justify-content-center row mb-3"
  >
    <select
      className="sc-AykKC iTPQsP col-8 border border-secondary"
      onChange={[Function]}
    >
      <option
        data-testid="select-option"
        selected={true}
        value="901"
      >
        Select route
      </option>
      <option
        data-testid="select-option"
        selected={false}
        value="902"
      >
        METRO Blue Line
      </option>
    </select>
  </div>
  <div
    className="justify-content-center row mb-3"
  >
    <select
      className="sc-AykKC iTPQsP col-8 border border-secondary"
      onChange={[Function]}
    >
      <option
        data-testid="select-option"
        selected={false}
        value={0}
      >
        Select direction
      </option>
      <option
        data-testid="select-option"
        selected={true}
        value={1}
      >
        Eastbound
      </option>
    </select>
  </div>
  <div
    className="justify-content-center row mb-3"
  >
    <select
      className="sc-AykKC iTPQsP col-8 border border-secondary"
      data-testid="stops_dropdown"
      onChange={[Function]}
    >
      <option
        data-testid="select-option"
        selected={false}
        value="SELECT_STOP"
      >
        Select stop
      </option>
      <option
        data-testid="select-option"
        selected={true}
        value="UNDP"
      >
        Union Depot
      </option>
    </select>
  </div>
  <div
    className="sc-AykKD kpILEN pl-0 pr-0 pb-3 bg-light bg-secondary"
  >
    <div
      className="title d-flex p-3"
    >
      <h4>
        MOA station
      </h4>
      <span>
        <strong>
          Stop #:
        </strong>
        1
      </span>
    </div>
    <div
      className="row ml-0 mr-0 bg-warning"
    >
      <div
        className="col-3 p-3 text-left font-weight-bold"
      >
        ROUTE
      </div>
      <div
        className="col-5 p-3 text-left font-weight-bold"
      >
        DESTINATION
      </div>
      <div
        className="col-4 p-3 text-right font-weight-bold"
      >
        DEPARTS
      </div>
    </div>
    <div
      className="row border-bottom ml-0 mr-0"
    >
      <div
        className="col-3 p-3 text-left font-weight-bold"
      >
        Green
      </div>
      <div
        className="col-5 p-3 text-left"
      >
        to Mpls-Target Field
      </div>
      <div
        className="col-4 p-3 text-right font-weight-bold"
      >
        6 Min
      </div>
    </div>
  </div>
</div>
`;
